// Jest Snapshot v1, https://goo.gl/fbAQLP

exports[`destructuring.ts 1`] = `
({ foo = [] } = bar);
~~~~~~~~~~~~~~~~~~~~~~~~~~~~~~~~~~~~~~~~~~~~~~~~~~~~~~~~~~~~~~~~~~~~~~~~~~~~~~~~
({ foo = [] } = bar);

`;
